Form submitted at 2025-04-22 08:30:55
POST data: Array
(
    [name] => Kumar Vicky Anand
    [email] => kumarvickyanand7272@gmail.com
    [password] => Rauniyar@123
    [confirm_password] => Rauniyar@123
)


Form submitted at 2025-04-22 08:31:34
POST data: Array
(
    [name] => Kumar Vicky Anand
    [email] => kumarvickyanand5493@gmail.com
    [password] => Rauniyar@123
    [confirm_password] => Rauniyar@123
)


Form submitted at 2025-04-22 08:39:54
POST data: Array
(
    [name] => Kumar Vicky Anand
    [email] => kumarvickyanand93@gmail.com
    [password] => Rauniyar@123
    [confirm_password] => Rauniyar@123
)


Form submitted at 2025-04-22 08:51:27
POST data: Array
(
    [name] => Kumar Vicky Anand
    [email] => kumar72725@gmail.com
    [password] => Rauniyar@123
    [confirm_password] => Rauniyar@123
)


Form submitted at 2025-04-22 16:03:29
POST data: Array
(
    [name] => Kumar Vicky Anand
    [email] => kumar72725@gmail.com
    [password] => Rauniyar@123
    [confirm_password] => Rauniyar@123
)


Form submitted at 2025-04-22 16:03:45
POST data: Array
(
    [name] => Kumar Vicky Anand
    [email] => kumar521@gmail.com
    [password] => Rauniyar@123
    [confirm_password] => Rauniyar@123
)


Form submitted at 2025-04-22 16:54:25
POST data: Array
(
    [name] => Kumar Vicky Anand
    [email] => kumar56@gmail.com
    [password] => Rauniyar@123
    [confirm_password] => Rauniyar@123
)


Form submitted at 2025-04-22 18:06:26
POST data: Array
(
    [name] => Kumar Vicky Anand
    [email] => kumar478@gmail.com
    [password] => Rauniyar@123
    [confirm_password] => Rauniyar@123
)


Form submitted at 2025-04-22 18:08:07
POST data: Array
(
    [name] => Kumar Vicky Anand
    [email] => kumar478@gmail.com
    [password] => Rauniyar@123
    [confirm_password] => Rauniyar@123
)


Form submitted at 2025-04-22 18:09:31
POST data: Array
(
    [name] => Kumar Vicky Anand
    [email] => kumar47@gmail.com
    [password] => Rauniyar@123
    [confirm_password] => Rauniyar@123
)


Form submitted at 2025-04-30 18:08:43
POST data: Array
(
    [name] => Kumar Vicky Anand
    [email] => kumar478@gmail.com
    [password] => Rauniyar@123
    [confirm_password] => Rauniyar@123
)


Form submitted at 2025-04-30 18:08:52
POST data: Array
(
    [name] => Kumar Vicky Anand
    [email] => kumar5493@gmail.com
    [password] => Rauniyar@123
    [confirm_password] => Rauniyar@123
)


